>ERS325254_00002.p01
MKQKVVNIGDIKVANDLPFVLFGGMNVLESRDLAMRICEHYVTVTQKLGIPYVFKASFDK
ANRSSIHSYRGPGLEEGMKIFQELKQTFGVKVITDVHEASQAQPVADVVDVIQLPAFLAR
QTDLVEAMAKTGAVINVKKPQFVSPGQMGNIVDKFHEGGNDKVILCDRGANFGYDNLVVD
MLGFSVMKKVSGNSPVIFDVTHALQCRDPFGAASGGRRGQVTELARAGMAVGLAGLFLES
HPDPANAKCDGPSALPLAKLEQFLTQIKAIDDLVKSFDELDTEN*
>ERS325254_00003.p01
MRSLADFEFNNAPLCDGMILASEMIRLDFPTQFVYDELERLVSLAQEEISQLLSQDEQLE
KLLALFYGEWGFTDSRGVYRLSDALWLDKVLKKRQGSAVSLGAILLWIANRLDLPLVPVI
FPTQLILRIESLEGEMWLINPFNGETLDEHTLEVWLKGNISPVAELFNEDLDEADNAEVI
RKLLDTLKSSLMEERQMELALRVSEALLQFNPEDPYEIRDRGLIYAQLECEHVALTDLSY
FVEQCPEDPISEMIRAQINTIAHKQIVLH*
>ERS325254_00004.p01
MTIAMLLTLHLICVALSVSLFVARYWWRYCGHALAAARWTRIVPPVIDTLLLLSGIGLIV
KTHILPFTESGSWLTEKLFGVIIYIVLGFIALDYRQARSQQARFIAFPLALVVLYIIIKL
ATTKIPLLG*
>ERS325254_00005.p01
MDFQHWLHEAVNQLRDSDSPRRDAEILLEYVTGKRRTYIMAFGETPLTDVQQQQLAELLQ
RRKQGEPIAYLTGLREFWSLPLFVSPATLIPRPDTECLVEQALARLPVKTCRILDLGTGT
GAIALALACERPDCEVTAVDRMPDAVALAIRNAEHLAIRNVRILQSCWFSALSGQQFDMI
VSNPPYIDAQDPHLSEGDVRFEPRSALVADENGMADLTHIIDNARQMLTPGGFLLLEHGW
RQGEAVRAAFRRSGYTDVETCRDYGGNERVACGRFTP*
>ERS325254_00006.p01
MKPSIVAKLEALHERHEEVQALLGDAGIIADQDRFRALSREYAQLSDVSRCFTDWQQVQD
DIETAQMMLDDPEMREMAQEELREAKEKSEQLEQQLQVLLLPKDPDDERNAFLEVRAGTG
GDEAALFAGDLFRMYSRYAEARRWRVEIMSMSEGEHGGYKEIIAKISGDGVYGRLKFESG
GHRVQRVPATESQGRIHTSACTVAVMPELPEAELPDINPADLRIDTFRSSGAGGQHVNTT
DSAIRITHLPTGIVVECQDERSQHKNKAKALSVLGARIHAAETAKRQQAEASTRRNLLGS
GDRSDRNRTYNFPQGRVTDHRINLTLYRLDETMEGKLDMLIEPIVQEHQADLLAALSEQE
*
>ERS325254_00007.p01
MTLLALGINHKTAPVSLRERVTFSPDTLDQALDSLLAQPMVQGGVVLSTCNRTELYLSVE
EQDNLQEALIRWLCDYHNLNEDDLRNSLYWHQDNDAVSHLMRVASGLDSLVLGEPQILGQ
VKKAFADSQKGHLNASALERMFQKSFSVAKRVRTETDIGASAVSVAFAACTLARQIFESL
STVTVLLVGAGETIELVARHLREHKVQKMIIANRTRERAQALADEVGAEVISLSDIDARL
QDADIIISSTASPLPIIGKGMVERALKSRRNQPMLLVDIAVPRDVEPEVGKLANAYLYSV
DDLQSIISHNLAQRQAAAVEAETIVEQEASEFMAWLRAQGASETIREYRSQSEQIRDELT
TKALSALQQGGDAQAILQDLAWKLTNRLIHAPTKSLQQAARDGDDERLNILRDSLGLE*
>ERS325254_00008.p01
MTLPDFRLIRLLPLASLVLTACTLPGHKGPGKSPDSPQWRQHQQEVRHLNQYQTRGAFAY
ISDDQKVYARFFWQQTGQDRYRLLLTNPLGSTELELNAQPGNVQLVDNKGQRYTADDAEE
MIGKLTGMPIPLNSLRQWILGLPGDATDYKLDDQYRLSEVNYHQDGKNWKVVYGGYDSKT
QPAMPANMELSDGSQRIKLKMDNWIVK*
>ERS325254_00009.p01
MMTHWPSPAKLNLFLYITGQRADGYHTLQTLFQFLDYGDTLHIEPRHDGEIHLLTPVTGV
ENEDNLIVRAARLLMKVASESGRLPAGSGADISIEKRLPMGGGLGGGSSNAATVLVALNH
LWQCGLSIDELATLGLTLGADVPVFVRGHAAFAEGVGEILTPVNPPEKWYLVAHPGVSIP
TPVIFKDPQLPRNTPKRSIDTLLKCEFSNDCEVIARKRFREVDAALSWLLEYAPSRLTGT
GACVFAEFDTESCARQVLEQAPEWLNAFVAKGVNLSPLHRELL*
