>3_1
MNPRIVSSGTTKILLGSILMNPPANAGEGDIKIKTGTTDIGSPTTVRTGDLETYDKDNGM
HNPVFYSLGDDKNHNKNLLVISPKGTSAGQYKIYSEDGANKSPLAWRSGFKEKLQLPDNE
VAPISDC*GRN*IDTKDYMSTFPYGFSGGVTENDTGNIGGLIPANVWMGHTQKYVQPDFK
TIPESPSEGKVERKVIFNNMVNPNWGR*GRD*RNPVYGNQLFPKTRSGGMKETENFLDPN
KAPSLLCSGFSQNFATVITMDSPASKRQGNIEIIYERVRDDYPLHWSSGNWKSTNTNDKW
TDPSSER*GID*KKEEITN*
>ccc_50002
MKLFFIVSLTIIWGDIFLGNEIIHLLTALTTTLGVVNSRKGIKNFRVAQ
>ccc_50003
ISELPNLINSGQSLFESESGF*ISPNPGVPGQTVQELRNGISKLPDPRFRGIIKL*SYYV
FLKEP*
>ccc_50004
MRKGITKNIILTSTLLLPRTVLPGNQKKVFSFYSEAKPHSIGQGETKNNELI*YYTQPHF
SLSGKWLNQYDN*NIYVPLKR*SGSAQKSLWGSESWGPLNQLKGRYVNVFGL*DKDTPQL
WWSGRETNTGGVSPAAKPPDKTYGLFVKYKDKLQTIIPPHKMYGGNKKVLTL*EIDFPPR
EALGKNKKLYTEYRNKGPLKITGGGNKNTIDLCKRLHPHLAKVGVKKNNKITFDVLFPQ
>3_2
MGNNKTKKIILSTTFPLLGRAGTQ*TNTPINSSSDPKAYCMGQNETNVNDLTKYYPQKY*
TGSNKTLWQNDNGTIPATL*QGSW*SHIQVYGPESPGNISQGRNKSVDIFGIKDHPTIDC
LGLSQKTFTGGVTPAPTSNGKGYKQNVTYNDKAETPTGGCPGYEENKPVFTLKEFPFRIR
QGLIKSKKLYNNSYNPGQIRMGGTENNYTIDLSKSPPSTGAGRYEKKPQNAKIEVPLEK*
KG
>ccc_50006
MKKYIMNKPLLSTAGLLLKTTST*LPKTPLSFSSGAKANNISEYETNIPQLIKYGTQPNF
SLS*KWLWPQPNGSGHATKQTWVWYSHIPLFGSEGWGKNNQLRYKYVDPLGTKDGDTVKG
YWTYDETFPRGVTPGATSNDKPY*LFLKPRDKQQGIIGKHEFY*GNKPPLTLKEGDFRNR
QTLLKNKKPHNGEFGKGQNKITAYGNNYPLDLRKGLKLNDTNRYVKNPPHAQMEGILEKS
N*
>3_3
LTNLRGGSFLTILDFSLQEAQSLLTGAEDLKSAKYIFTETPTLKNGDIALLIEKDSLRTP
RAFEVGAHDQGTNVTYLGPTRSQMGGEETTKNTARVFGGTHAGIEGGGFSQRTVETLAET
PAVPVGDGLTDKDHPTLVLAHSLTAGEVLKKNYADIFFTSLADGRGDVANAIMQGAFIMA
LTFHLGGPKELNPTDDLLNPRTNIAGENGGNILITDFIDPRAKGSGVIYTDIWVSIFEPA
QAWKEGVELLKTYQVNLEMTHTTGNGDVIFENCLPSFHNAHTKIGGEIFEKNGIRDLEVT
HAVFEGEASVVIQEADFRMPPTKAVGVATLGKF*
>ccc_50008
MLAKMGVALGGNALGISPQPQLELVGNTAKSLVGLISKGPELVIRGGNGPQVGSIILGLP
YPAEQGQGPALPFAEFCAMPQPYIGGQLQERLQNEFYSIPMHKQVGTLVTQVEVDVYDPP
FHNPSGPIGLLYNKEVSEQPQQEKGGIFVEEAGRGF*RVPPPPQPGSIIELESIKIFIKP
DPLVMGAGGGGIPVII*QHPGLKGMGAVIDKDKTSVLLGPNLQCEGLIILTAIDYVYINP
NPENQGPLKTTNVDEF*RYPDQNQLGKGSMLPKIEVSISPIQNNPGGSVLITSLNVLDAP
LQGKVGTVIKK*
>ccc_51705
VENTINVCEKPKRFKLGMPGALMILFILTVPALIATGVIPAGAYSKLSYEPSPQELGIVN
PQNQVKIFPGPQQELEGMGVKIKIEQF*SGPIHKPVGIPNT*ERLKLYPAPPQQITGSMV
EGTIEAVYIMPFLLVLGGLIGVVQASVSFEPGLLALGKKTKGHEFMLFVFPSLLMMGGGT
L*GIEEVSVAPYPILVGIFIALGYDSIFSVPALFLAGSVGSTFSTIISFSPVLASKGAGT
TLTDGLFWRIPARIVGGIFVIRYLYWFCKKPKHDPKGSYSYEDKDAF*QQPSLLKEGDSA
HLTLRKILILPLLVLPGPIMV*GVMTLCWWPPLMASGFLIFTIIIMFFAGPGQSGLGEKG
TVDAFVICASPLLGVSGIIGLARGINFLLNPGLISEGILHFSSSLVLYMSPPLFIMGLLF
ILFCLGFFVPPSPGLAGLSMPIFAPLVYTVPIPRFVGVTTYQFGQYVLLFPAPTGLGMAT
LQMLNMLYSHPFRFVWGVVAFVLIFGV*VLPTQVLMGS*
>ccc_50010
ITHLTIFLDPLPGIWGVLLFRKYFVVYANPVLDWKGRWYLLENIPLLPIPLLILMGIFGV
PSEMIIYRQPKHNGVG
>ccc_50011
MRRQGAPQITSGLVLGLFPLGNRLGDL*ITLNAVCGIFPFLIWMGLL*TMIKYFNNVNPQ
LNSPGVS*MFTTFFMSGFPGTTCLGTF*SNITFINSLIPPIWSLGLVEIMTHIIIFSIPY
LKGLGLEKIYPSCTVLFIPIAIGGGTAQISGCFFIGQFPVIYGLGAT*IVLPIVFKRFPA
FPWQGSIKTNTSTICAPFPLVAGAGVIEIPKANAFIVIPFLI*AGIF*IYIIIQLPKFPK
EPCSGVF*TFTFPLVISAPALKSRGPVQMFPDIWKGLFPIEV*LGTVKILRVFIGYLHPF
LKREGQDKILRNASQ*
>ccc_50012
MRNQNQKLLFSDFPSLHIWGQTGVQQSTIFRMSPNERSWGNMSLKNAELFYKFPNSIFRG
EN*
>ccc_50014
MEGLFFAITHTVTAGVNNDGTKLGTFIVTLAENGGGLLGKIFGFY
>ccc_50015
MFGLAPAIANRGQAAQQHDSVFLGTPIVDIGGNGVG*LGKLFGFY
>3_5
LGGKNILKDFDDFIVDPYDAEGGAFHYKANVFFHKAPNDDFWGFKKINHQHWFAFHPNKL
TRGEVLSERFVNFFKHPHMEVGGHRADELFRNFLADPNVKYWGQTLEKIVELFKRHPFYI
VRGGVTEKQKRRFNQTPFHKYRGKIFIYEETGFQKPPPEFFRGVFNDNGEDEFQHSPIVG
DWGTSDIQGGINFGIAPCWFNWGGFDHNPGIIFDYDPNSWKRGNDIVH*
