>xxx_00001
MKTRIVSSVTTTLLLGSILMNPVANAADSDINIKTGTTDIGSNTTVKTGDLVTYDKENGM
HKKVFYSFIDDKNHNKKLLVIRTKGTIAGQYRVYSEEGANKSGLAWPSAFKVQLQLPDNE
VAQISDYYPRNSIDTKEYMSTLTYGFNGNVTGDDTGKIGGLIGANVSIGHTLKYVQPDFK
TILESPTDKKVGWKVIFNNMVNQNWGPYDRDSWNPVYGNQLFMKTRNGSMKAAENFLDPN
KASSLLSSGFSPDFATVITMDRKASKQQTNIDVIYERVRDDYQLHWTSTNWKGTNTKDKW
TDRSSERYKIDWEKEEMTN*
>xxx_00002
MKLFYIVFLIIIWLNIFLGNEIIHTLTVLITTLYIVNSRKGIKNDRVE*
>xxx_00003
MTELNNIINSLQSLFESESGYKISKNSGVPYQTVQDLRNGKTKLEDARFRTIIKLYSYYV
SLKEH*
>xxx_00004
MSKNITKNIILTTTLLLLGTVLPQNQKPVFSFYSEAKAYSIGQDETNINELIKYYTQPHF
SFSNKWLYQYDNGNIYVELKRYSWSAHISLWGAESWGNINQLKDRYVDVFGLKDKDTDQL
WWSYRETFTGGVTPAAKPSDKTYNLFVQYKDKLQTIIGAHKIYQGNKPVLTLKEIDFRAR
EALIKNKILYTENRNKGKLKITGGGNNYTIDLSKRLHSDLANVYVKNPNKITVDVLFD*
>xxx_00005
MNNNITKKIILSTTLLLLGTAFTQFPNTPINSSSEAKAYYINQNETNVNELTKYYSQKYL
TFSNSTLWQKDNGTIHATLLQFSWYSHIQVYGPESWGNINQLRNKSVDIFGIKDQETIDS
FALSQETFTGGVTPAATSNDKHYKLNVTYKDKAETFTGGFPVYEGNKPVLTLKELDFRIR
QTLIKSKKLYNNSYNKGQIKITGTDNNYTIDLSKRLPSTDANRYVKKPQNAKIEVILEKS
N*
>xxx_00006
MKKNIMNKLVLSTALLLLGTTSTQLPKTPISFSSEAKAYNISENETNINELIKYYTQPHF
SLSGKWLWQKPNGSIHATLQTWVWYSHIQVFGSESWGNINQLRNKYVDIFGTKDEDTVEG
YWTYDETFTGGVTPAATSSDKPYRLFLKYSDKQQTIIGGHEFYKGNKPVLTLKELDFRIR
QTLIKNKKLYNGEFNKGQIKITADGNNYTIDLSKKLKLTDTNRYVKNPKNAQIEVILEKS
N*
>xxx_00007
MKNLRNRSFLTLLDFSRQEVEFLLTLSEDLKRAKYIGTEKPMLKNKNIALLFEKDSTRTR
CAFEVAAHDQGANVTYLGPTGSQMGKKETTKDTARVLGGMYDGIEYRGFSQRTVETLAEN
SGVPVWNGLTDEDHPTQVLADFLTAKEVLKKDYADINFTYVGDGRNNVANALMQGAAIMG
MNFHLVCPKELNPTDELLNRCKNIAAENGGNILITDDIDQGVKGSDVIYTDVWVSMGEPD
EVWKERLELLKPYQVNKEMMDKTGNPNVIFEHCLPSFHNADTKIGQQIFEKYGIREMEVT
DEVFESKASVVFQEAENRMHTIKAVMVATLGEF*
>xxx_00008
MMAKIVVALGGNALGKSPQEQLELVKNTAKSLVGLITKGHEIVISHGNGPQVGSINLGLN
YAAEHNQGPAFPFAECGAMSQAYIGYQLQESLQNELHSIGMDKQVVTLVTQVEVDENDPA
FNNPSKPIGLFYNKEEAEQIQKEKGFIFVEDAGRGYRRVVPSPQPISIIELESIKTLIKN
DTLVIAAGGGGIPVIREQHDGFKGIDAVIDKDKTSALLGANIQCDQLIILTAIDYVYINF
NTENQQPLKTTNVDELKRYIDENQFAKGSMLPKIEAAISFIENNPKGSVLITSLNELDAA
LEGKVGTVIKK*
>xxx_01705
VENTINESEKKKRFKLKMPGAFMILFILTVVAVIATWVIPAGAYSKLSYEPSSQELKIVN
PHNQVKKVPGTQQELDKMGVKIKIEQFKSGAINKPVSIPNTYERLKQHPAGPEQITSSMV
EGTIEAVDIMVFILVLGGLIGVVQASGSFESGLLALTKKTKGHEFMLIVFVSILMIIGGT
LCGIEEEAVAFYPILVPIFIALGYDSIVSVGAIFLASSVGSTFSTINPFSVVIASNAAGT
TFTDGLYWRIGACIVGAIFVISYLYWYCKKIKNDPKASYSYEDKDAFEQQWSVLKDDDSA
HFTLRKKIILTLFVLPFPIMVWGVMTQGWWFPVMASAFLIFTIIIMFIAGTGKSGLGEKG
TVDAFVNGASSLVGVSLIIGLARGINLVLNEGMISDTILHFSSSLVQHMSGPLFIIVLLF
IFFCLGFIVPSSSGLAVLSMPIFAPLADTVGIPRFVIVTTYQFGQYAMLFLAPTGLVMAT
LQMLNMRYSHWFRFVWPVVAFVLIFGGGVLITQVLIYS*
>xxx_00010
MTHLTKVLDTLTGICVVLLFSKYFVAYANMVFDWNLRWYLLENIPHLPIILFILMFIFGV
PSEMIKDRQRKNNGV*
>xxx_00011
MRLQKAPLVTSGLVLGLLGLGNLLKDLSLTLNAVCGIFAFLIWIHLLCTMIKYFNNVKEQ
LNSPLVSSVFTTFFMSGFLGTTYLNTFFSNITFINSLITPIWILCLVGIMTHMIIFSIKY
LKDFSLENVYPSWTVLFIGIAIAGLTAPVSGCFFIGQLTVIYGFVATCIVLPIVFKRLKA
FPLQTSIKPNTSTICAPFSLVAAAYVIAFPKANAFIVIIFLILAQIFYFYIIIQLPKLLK
EPFSPVFSAFTFPLVISATALKNSLPVLMFPDIWKGLLFIEVLLATVIVLRVFIGYLHFF
LKKENQDKFLRNASQ*
>xxx_00012
MRNQIQKLLDSDLSSLHISKQTGVPQSTIHRMRKKERSLDNMSLKNAELLYKFANSIFSN
EN*
>xxx_00014
MEGLFNAIKDTVTAAINNDGAKLGTSIVSIVENGVGLLGKLFGF*
>xxx_00015
MTGLAEAIANTVQAAQQHDSVKLGTSIVDIVANGVGLLGKLFGF*
>xxx_00016
LGYKNILIDFDDTIVDFYDAEEWAFHYMANVFNHKATKDDFLTFKKINHQHWEAFQQNKL
TKSEVLSERFVNYFKHHQMEVDGHRADVLFRNGLAEAKVKYFDQTLETIVELSKRHDLYI
VTNGVTETQKRRLNQTPLHKYIKKIFISEETGYQKPNPEFFNYVFNDIGEDERQHSIIVG
DSLTSDILGGINAGIATCWFNFRGFDHNPGIIPDYEINSWKQLNDIVR*
