>zzz_00001
MKTRIVSSVTTTLLLGSILMNPVANAADSDINIKTGTTDIGSNTTVKTGDLVTYDKENGM
HKKVFYSFIDDKNHNKKLLVIRTKGTIAGQYRVYSEEGANKSGLAWPSAFKVQLQLPDNE
VAQISDYYPRNSIDTKEYMSTLTYGFNGNVTGDDTGKIGGLIGANVSIGHTLKYVQPDFK
TILESPTDKKVGWKVIFNNMVNQNWGPYDRDSWNPVYGNQLFMKTRNGSMKAAENFLDPN
KASSLLSSGFSPDFATVITMDRKASKQQTNIDVIYERVRDDYQLHWTSTNWKGTNTKDKW
TDRSSERYKIDWEKEEMTN*
>zzz_00002
MKLFYIVFLIIIWLNIFLGNEIIHTLTVLITTLYIVNSRKGIKNDRVE*
>zzz_00003
MTELNNIINSLQSLFESESGYKISKNSGVPYQTVQDLRNGKTKLEDARFRTIIKLYSYYV
SLKEH*
>zzz_00004
MSKNITKNIILTTTLLLLGTVLPQNQKPVFSFYSEAKAYSIGQDETNINELIKYYTQPHF
SFSNKWLYQYDNGNIYVELKRYSWSAHISLWGAESWGNINQLKDRYVDVFGLKDKDTDQL
WWSYRETFTGGVTPAAKPSDKTYNLFVQYKDKLQTIIGAHKIYQGNKPVLTLKEIDFRAR
EALIKNKILYTENRNKGKLKITGGGNNYTIDLSKRLHSDLANVYVKNPNKITVDVLFD*
>zzz_00005
MNNNITKKIILSTTLLLLGTAFTQFPNTPINSSSEAKAYYINQNETNVNELTKYYSQKYL
TFSNSTLWQKDNGTIHATLLQFSWYSHIQVYGPESWGNINQLRNKSVDIFGIKDQETIDS
FALSQETFTGGVTPAATSNDKHYKLNVTYKDKAETFTGGFPVYEGNKPVLTLKELDFRIR
QTLIKSKKLYNNSYNKGQIKITGTDNNYTIDLSKRLPSTDANRYVKKPQNAKIEVILEKS
N*
>zzz_00006
MKKNIMNKLVLSTALLLLGTTSTQLPKTPISFSSEAKAYNISENETNINELIKYYTQPHF
SLSGKWLWQKPNGSIHATLQTWVWYSHIQVFGSESWGNINQLRNKYVDIFGTKDEDTVEG
YWTYDETFTGGVTPAATSSDKPYRLFLKYSDKQQTIIGGHEFYKGNKPVLTLKELDFRIR
QTLIKNKKLYNGEFNKGQIKITADGNNYTIDLSKKLKLTDTNRYVKNPKNAQIEVILEKS
N*
>zzz_00007
MKNLRNRSFLTLLDFSRQEVEFLLTLSEDLKRAKYIGTEKPMLKNKNIALLFEKDSTRTR
CAFEVAAHDQGANVTYLGPTGSQMGKKETTKDTARVLGGMYDGIEYRGFSQRTVETLAEN
SGVPVWNGLTDEDHPTQVLADFLTAKEVLKKDYADINFTYVGDGRNNVANALMQGAAIMG
MNFHLVCPKELNPTDELLNRCKNIAAENGGNILITDDIDQGVKGSDVIYTDVWVSMGEPD
EVWKERLELLKPYQVNKEMMDKTGNPNVIFEHCLPSFHNADTKIGQQIFEKYGIREMEVT
DEVFESKASVVFQEAENRMHTIKAVMVATLGEF*
>zzz_00008
MMAKIVVALGGNALGKSPQEQLELVKNTAKSLVGLITKGHEIVISHGNGPQVGSINLGLN
YAAEHNQGPAFPFAECGAMSQAYIGYQLQESLQNELHSIGMDKQVVTLVTQVEVDENDPA
FNNPSKPIGLFYNKEEAEQIQKEKGFIFVEDAGRGYRRVVPSPQPISIIELESIKTLIKN
DTLVIAAGGGGIPVIREQHDGFKGIDAVIDKDKTSALLGANIQCDQLIILTAIDYVYINF
NTENQQPLKTTNVDELKRYIDENQFAKGSMLPKIEAAISFIENNPKGSVLITSLNELDAA
LEGKVGTVIKK*
>zzz_01705
VENTINESEKKKRFKLKMPGAFMILFILTVVAVIATWVIPAGAYSKLSYEPSSQELKIVN
PHNQVKKVPGTQQELDKMGVKIKIEQFKSGAINKPVSIPNTYERLKQHPAGPEQITSSMV
EGTIEAVDIMVFILVLGGLIGVVQASGSFESGLLALTKKTKGHEFMLIVFVSILMIIGGT
LCGIEEEAVAFYPILVPIFIALGYDSIVSVGAIFLASSVGSTFSTINPFSVVIASNAAGT
TFTDGLYWRIGACIVGAIFVISYLYWYCKKIKNDPKASYSYEDKDAFEQQWSVLKDDDSA
HFTLRKKIILTLFVLPFPIMVWGVMTQGWWFPVMASAFLIFTIIIMFIAGTGKSGLGEKG
TVDAFVNGASSLVGVSLIIGLARGINLVLNEGMISDTILHFSSSLVQHMSGPLFIIVLLF
IFFCLGFIVPSSSGLAVLSMPIFAPLADTVGIPRFVIVTTYQFGQYAMLFLAPTGLVMAT
LQMLNMRYSHWFRFVWPVVAFVLIFGGGVLITQVLIYS*
>zzz_00010
MTHLTKVLDTLTGICVVLLFSKYFVAYANMVFDWNLRWYLLENIPHLPIILFILMFIFGV
PSEMIKDRQRKNNGV*
>zzz_00011
MRLQKAPLVTSGLVLGLLGLGNLLKDLSLTLNAVCGIFAFLIWIHLLCTMIKYFNNVKEQ
LNSPLVSSVFTTFFMSGFLGTTYLNTFFSNITFINSLITPIWILCLVGIMTHMIIFSIKY
LKDFSLENVYPSWTVLFIGIAIAGLTAPVSGCFFIGQLTVIYGFVATCIVLPIVFKRLKA
FPLQTSIKPNTSTICAPFSLVAAAYVIAFPKANAFIVIIFLILAQIFYFYIIIQLPKLLK
EPFSPVFSAFTFPLVISATALKNSLPVLMFPDIWKGLLFIEVLLATVIVLRVFIGYLHFF
LKKENQDKFLRNASQ*
>zzz_00012
MRNQIQKLLDSDLSSLHISKQTGVPQSTIHRMRKKERSLDNMSLKNAELLYKFANSIFSN
EN*
>zzz_00014
MEGLFNAIKDTVTAAINNDGAKLGTSIVSIVENGVGLLGKLFGF*
>zzz_00015
MTGLAEAIANTVQAAQQHDSVKLGTSIVDIVANGVGLLGKLFGF*
>zzz_00016
LGYKNILIDFDDTIVDFYDAEEWAFHYMANVFNHKATKDDFLTFKKINHQHWEAFQQNKL
TKSEVLSERFVNYFKHHQMEVDGHRADVLFRNGLAEAKVKYFDQTLETIVELSKRHDLYI
VTNGVTETQKRRLNQTPLHKYIKKIFISEETGYQKPNPEFFNYVFNDIGEDERQHSIIVG
DSLTSDILGGINAGIATCWFNFRGFDHNPGIIPDYEINSWKQLNDIVR*
